
> agente-frotend@0.1.0 build
> next build

Ôû▓ Next.js 16.1.6 (Turbopack)
- Environments: .env

  Creating an optimized production build ...
Ô£ô Compiled successfully in 58s
  Running TypeScript ...
  Collecting page data using 3 workers ...
  Generating static pages using 3 workers (0/13) ...
node.exe : Ô¿» useSearchParams() should be wrapped in a suspense boundary at 
page "/pagamento/sucesso". Read more: 
https://nextjs.org/docs/messages/missing-suspense-with-csr-bailout
No linha:1 caractere:1
+ & "C:\Program Files\nodejs/node.exe" "C:\Users\marco\AppData\Roaming\ ...
+ ~~~~~~~~~~~~~~~~~~~~~~~~~~~~~~~~~~~~~~~~~~~~~~~~~~~~~~~~~~~~~~~~~~~~~
    + CategoryInfo          : NotSpecified: (Ô¿» useSearchPa...ith-csr-bailout 
   :String) [], RemoteException
    + FullyQualifiedErrorId : NativeCommandError
 
    at Q (C:\Users\marco\OneDrive\├ürea de Trabalho\agente-frotend\.next\server
\chunks\ssr\node_modules_next_920e7746._.js:2:2111)
    at o (C:\Users\marco\OneDrive\├ürea de Trabalho\agente-frotend\.next\server
\chunks\ssr\node_modules_next_920e7746._.js:4:5284)
    at f (C:\Users\marco\OneDrive\├ürea de Trabalho\agente-frotend\.next\server
\chunks\ssr\[root-of-the-server]__0b3d6bdf._.js:1:1407)
    at an (C:\Users\marco\OneDrive\├ürea de Trabalho\agente-frotend\node_module
s\next\dist\compiled\next-server\app-page-turbo.runtime.prod.js:2:84360)
    at ai (C:\Users\marco\OneDrive\├ürea de Trabalho\agente-frotend\node_module
s\next\dist\compiled\next-server\app-page-turbo.runtime.prod.js:2:86179)
    at al (C:\Users\marco\OneDrive\├ürea de Trabalho\agente-frotend\node_module
s\next\dist\compiled\next-server\app-page-turbo.runtime.prod.js:2:107953)
    at as (C:\Users\marco\OneDrive\├ürea de Trabalho\agente-frotend\node_module
s\next\dist\compiled\next-server\app-page-turbo.runtime.prod.js:2:105368)
    at aa (C:\Users\marco\OneDrive\├ürea de Trabalho\agente-frotend\node_module
s\next\dist\compiled\next-server\app-page-turbo.runtime.prod.js:2:84712)
    at ai (C:\Users\marco\OneDrive\├ürea de Trabalho\agente-frotend\node_module
s\next\dist\compiled\next-server\app-page-turbo.runtime.prod.js:2:86228)
    at ai (C:\Users\marco\OneDrive\├ürea de Trabalho\agente-frotend\node_module
s\next\dist\compiled\next-server\app-page-turbo.runtime.prod.js:2:104708)
Error occurred prerendering page "/pagamento/sucesso". Read more: 
https://nextjs.org/docs/messages/prerender-error
Export encountered an error on /pagamento/sucesso/page: /pagamento/sucesso, 
exiting the build.
Ô¿» Next.js build worker exited with code: 1 and signal: null
